#
# There is insufficient memory for the Java Runtime Environment to continue.
# Native memory allocation (mmap) failed to map 37748736 bytes for G1 virtual space
# Possible reasons:
#   The system is out of physical RAM or swap space
#   The process is running with CompressedOops enabled, and the Java Heap may be blocking the growth of the native heap
# Possible solutions:
#   Reduce memory load on the system
#   Increase physical memory or swap space
#   Check if swap backing store is full
#   Decrease Java heap size (-Xmx/-Xms)
#   Decrease number of Java threads
#   Decrease Java thread stack sizes (-Xss)
#   Set larger code cache with -XX:ReservedCodeCacheSize=
#   JVM is running with Zero Based Compressed Oops mode in which the Java heap is
#     placed in the first 32GB address space. The Java Heap base address is the
#     maximum limit for the native heap growth. Please use -XX:HeapBaseMinAddress
#     to set the Java Heap base and to place the Java Heap above 32GB virtual address.
# This output file may be truncated or incomplete.
#
#  Out of Memory Error (os_windows.cpp:3548), pid=4296, tid=6112
#
# JRE version: Java(TM) SE Runtime Environment (17.0.12+8) (build 17.0.12+8-LTS-286)
# Java VM: Java HotSpot(TM) 64-Bit Server VM (17.0.12+8-LTS-286, mixed mode, emulated-client, sharing, tiered, compressed oops, compressed class ptrs, g1 gc, windows-amd64)
# No core dump will be written. Minidumps are not enabled by default on client versions of Windows
#

---------------  S U M M A R Y ------------

Command Line: -XX:TieredStopAtLevel=1 -Dspring.output.ansi.enabled=always -Dcom.sun.management.jmxremote -Dspring.jmx.enabled=true -Dspring.liveBeansView.mbeanDomain -Dspring.application.admin.enabled=true -Dmanagement.endpoints.jmx.exposure.include=* -javaagent:C:\Program Files\JetBrains\IntelliJ IDEA 2024.2.4\lib\idea_rt.jar=8359:C:\Program Files\JetBrains\IntelliJ IDEA 2024.2.4\bin -Dfile.encoding=UTF-8 com.bit.backend.BackendApplication

Host: Intel(R) Core(TM) i5-8250U CPU @ 1.60GHz, 8 cores, 15G,  Windows 11 , 64 bit Build 26100 (10.0.26100.7309)
Time: Mon Dec 22 15:33:28 2025 Sri Lanka Standard Time elapsed time: 28076.269950 seconds (0d 7h 47m 56s)

---------------  T H R E A D  ---------------

Current thread (0x000001dc5dcc07c0):  VMThread "VM Thread" [stack: 0x00000027cca00000,0x00000027ccb00000] [id=6112]

Stack: [0x00000027cca00000,0x00000027ccb00000]
Native frames: (J=compiled Java code, j=interpreted, Vv=VM code, C=native code)
V  [jvm.dll+0x67a04a]
V  [jvm.dll+0x7da4ed]
V  [jvm.dll+0x7dbe33]
V  [jvm.dll+0x7dc4a3]
V  [jvm.dll+0x24508f]
V  [jvm.dll+0x677089]
V  [jvm.dll+0x66bd32]
V  [jvm.dll+0x301fa6]
V  [jvm.dll+0x309546]
V  [jvm.dll+0x359d2e]
V  [jvm.dll+0x359f5f]
V  [jvm.dll+0x2d9078]
V  [jvm.dll+0x2dc0e6]
V  [jvm.dll+0x2e67eb]
V  [jvm.dll+0x31a870]
V  [jvm.dll+0x7e0d9b]
V  [jvm.dll+0x7e1ad4]
V  [jvm.dll+0x7e1fed]
V  [jvm.dll+0x7e23c4]
V  [jvm.dll+0x7e2490]
V  [jvm.dll+0x78abea]
V  [jvm.dll+0x678f35]
C  [ucrtbase.dll+0x37b0]
C  [KERNEL32.DLL+0x2e8d7]
C  [ntdll.dll+0x8c53c]

VM_Operation (0x00000027cc6ff540): G1Concurrent, mode: safepoint, requested by thread 0x000001dc47172270


---------------  P R O C E S S  ---------------

Threads class SMR info:
_java_thread_list=0x000001dc6596b540, length=31, elements={
0x000001dc5dcc6390, 0x000001dc5dcc7f70, 0x000001dc5dcd9e90, 0x000001dc5dcda760,
0x000001dc5dcde750, 0x000001dc6202ac40, 0x000001dc62038fb0, 0x000001dc620398c0,
0x000001dc620a0ef0, 0x000001dc62517a60, 0x000001dc62517f40, 0x000001dc62675a20,
0x000001dc62749980, 0x000001dc62bb4b80, 0x000001dc62bb55a0, 0x000001dc62bb5ab0,
0x000001dc62bb2810, 0x000001dc62bb3230, 0x000001dc627852a0, 0x000001dc627861d0,
0x000001dc627857b0, 0x000001dc627866e0, 0x000001dc62783e60, 0x000001dc62787610,
0x000001dc62785cc0, 0x000001dc62787b20, 0x000001dc62784370, 0x000001dc62788a50,
0x000001dc62788030, 0x000001dc62788540, 0x000001dc62788f60
}

Java Threads: ( => current thread )
  0x000001dc5dcc6390 JavaThread "Reference Handler" daemon [_thread_blocked, id=6360, stack(0x00000027ccb00000,0x00000027ccc00000)]
  0x000001dc5dcc7f70 JavaThread "Finalizer" daemon [_thread_blocked, id=12028, stack(0x00000027ccc00000,0x00000027ccd00000)]
  0x000001dc5dcd9e90 JavaThread "Signal Dispatcher" daemon [_thread_blocked, id=18124, stack(0x00000027ccd00000,0x00000027cce00000)]
  0x000001dc5dcda760 JavaThread "Attach Listener" daemon [_thread_blocked, id=17576, stack(0x00000027cce00000,0x00000027ccf00000)]
  0x000001dc5dcde750 JavaThread "Service Thread" daemon [_thread_blocked, id=16552, stack(0x00000027ccf00000,0x00000027cd000000)]
  0x000001dc6202ac40 JavaThread "Monitor Deflation Thread" daemon [_thread_blocked, id=8744, stack(0x00000027cd000000,0x00000027cd100000)]
  0x000001dc62038fb0 JavaThread "C1 CompilerThread0" daemon [_thread_blocked, id=4176, stack(0x00000027cd100000,0x00000027cd200000)]
  0x000001dc620398c0 JavaThread "Sweeper thread" daemon [_thread_blocked, id=8620, stack(0x00000027cd200000,0x00000027cd300000)]
  0x000001dc620a0ef0 JavaThread "Common-Cleaner" daemon [_thread_blocked, id=10832, stack(0x00000027cd300000,0x00000027cd400000)]
  0x000001dc62517a60 JavaThread "Monitor Ctrl-Break" daemon [_thread_in_native, id=20308, stack(0x00000027cd600000,0x00000027cd700000)]
  0x000001dc62517f40 JavaThread "Notification Thread" daemon [_thread_blocked, id=20992, stack(0x00000027cd700000,0x00000027cd800000)]
  0x000001dc62675a20 JavaThread "RMI TCP Accept-0" daemon [_thread_in_native, id=21644, stack(0x00000027cd800000,0x00000027cd900000)]
  0x000001dc62749980 JavaThread "RMI Scheduler(0)" daemon [_thread_blocked, id=17444, stack(0x00000027cdb00000,0x00000027cdc00000)]
  0x000001dc62bb4b80 JavaThread "Catalina-utility-1" [_thread_blocked, id=12876, stack(0x00000027ce700000,0x00000027ce800000)]
  0x000001dc62bb55a0 JavaThread "Catalina-utility-2" [_thread_blocked, id=24672, stack(0x00000027ce800000,0x00000027ce900000)]
  0x000001dc62bb5ab0 JavaThread "container-0" [_thread_blocked, id=22044, stack(0x00000027ce900000,0x00000027cea00000)]
  0x000001dc62bb2810 JavaThread "mysql-cj-abandoned-connection-cleanup" daemon [_thread_blocked, id=15888, stack(0x00000027cea00000,0x00000027ceb00000)]
  0x000001dc62bb3230 JavaThread "HikariPool-1 housekeeper" daemon [_thread_blocked, id=3376, stack(0x00000027cec00000,0x00000027ced00000)]
  0x000001dc627852a0 JavaThread "http-nio-8080-exec-1" daemon [_thread_blocked, id=14644, stack(0x00000027ced00000,0x00000027cee00000)]
  0x000001dc627861d0 JavaThread "http-nio-8080-exec-2" daemon [_thread_blocked, id=19192, stack(0x00000027cef00000,0x00000027cf000000)]
  0x000001dc627857b0 JavaThread "http-nio-8080-exec-3" daemon [_thread_blocked, id=8380, stack(0x00000027cf000000,0x00000027cf100000)]
  0x000001dc627866e0 JavaThread "http-nio-8080-exec-4" daemon [_thread_blocked, id=1588, stack(0x00000027cf100000,0x00000027cf200000)]
  0x000001dc62783e60 JavaThread "http-nio-8080-exec-5" daemon [_thread_blocked, id=23248, stack(0x00000027cf200000,0x00000027cf300000)]
  0x000001dc62787610 JavaThread "http-nio-8080-exec-6" daemon [_thread_blocked, id=2368, stack(0x00000027cf300000,0x00000027cf400000)]
  0x000001dc62785cc0 JavaThread "http-nio-8080-exec-7" daemon [_thread_blocked, id=11092, stack(0x00000027cf400000,0x00000027cf500000)]
  0x000001dc62787b20 JavaThread "http-nio-8080-exec-8" daemon [_thread_blocked, id=19040, stack(0x00000027cf500000,0x00000027cf600000)]
  0x000001dc62784370 JavaThread "http-nio-8080-exec-9" daemon [_thread_blocked, id=25540, stack(0x00000027cf600000,0x00000027cf700000)]
  0x000001dc62788a50 JavaThread "http-nio-8080-exec-10" daemon [_thread_blocked, id=15120, stack(0x00000027cf700000,0x00000027cf800000)]
  0x000001dc62788030 JavaThread "http-nio-8080-Poller" daemon [_thread_blocked, id=24928, stack(0x00000027cf800000,0x00000027cf900000)]
  0x000001dc62788540 JavaThread "http-nio-8080-Acceptor" daemon [_thread_in_native, id=14856, stack(0x00000027cf900000,0x00000027cfa00000)]
  0x000001dc62788f60 JavaThread "DestroyJavaVM" [_thread_blocked, id=12848, stack(0x00000027cc400000,0x00000027cc500000)]

Other Threads:
=>0x000001dc5dcc07c0 VMThread "VM Thread" [stack: 0x00000027cca00000,0x00000027ccb00000] [id=6112]
  0x000001dc470f2c20 WatcherThread [stack: 0x00000027cda00000,0x00000027cdb00000] [id=24940]
  0x000001dc47160a30 GCTaskThread "GC Thread#0" [stack: 0x00000027cc500000,0x00000027cc600000] [id=19420]
  0x000001dc63182160 GCTaskThread "GC Thread#1" [stack: 0x00000027cdd00000,0x00000027cde00000] [id=25792]
  0x000001dc62b69040 GCTaskThread "GC Thread#2" [stack: 0x00000027cde00000,0x00000027cdf00000] [id=24384]
  0x000001dc630c3170 GCTaskThread "GC Thread#3" [stack: 0x00000027cdf00000,0x00000027ce000000] [id=22188]
  0x000001dc630c3430 GCTaskThread "GC Thread#4" [stack: 0x00000027ce000000,0x00000027ce100000] [id=20684]
  0x000001dc630c3c30 GCTaskThread "GC Thread#5" [stack: 0x00000027ce100000,0x00000027ce200000] [id=16236]
  0x000001dc62b56fd0 GCTaskThread "GC Thread#6" [stack: 0x00000027ce200000,0x00000027ce300000] [id=5088]
  0x000001dc62b61050 GCTaskThread "GC Thread#7" [stack: 0x00000027ce300000,0x00000027ce400000] [id=1744]
  0x000001dc47172270 ConcurrentGCThread "G1 Main Marker" [stack: 0x00000027cc600000,0x00000027cc700000] [id=24288]
  0x000001dc47173230 ConcurrentGCThread "G1 Conc#0" [stack: 0x00000027cc700000,0x00000027cc800000] [id=23280]
  0x000001dc6268b330 ConcurrentGCThread "G1 Conc#1" [stack: 0x00000027ce600000,0x00000027ce700000] [id=17228]
  0x000001dc471ae440 ConcurrentGCThread "G1 Refine#0" [stack: 0x00000027cc800000,0x00000027cc900000] [id=19500]
  0x000001dc6270cd40 ConcurrentGCThread "G1 Refine#1" [stack: 0x00000027ce400000,0x00000027ce500000] [id=21360]
  0x000001dc471aec80 ConcurrentGCThread "G1 Service" [stack: 0x00000027cc900000,0x00000027cca00000] [id=20728]

Threads with active compile tasks:

VM state: at safepoint (normal execution)

VM Mutex/Monitor currently owned by a thread:  ([mutex/lock_event])
[0x000001dc44e65440] Threads_lock - owner thread: 0x000001dc5dcc07c0
[0x000001dc470f0720] Heap_lock - owner thread: 0x000001dc47172270

Heap address: 0x0000000701e00000, size: 4066 MB, Compressed Oops mode: Zero based, Oop shift amount: 3

CDS archive(s) mapped at: [0x000001dc00000000-0x000001dc00bd0000-0x000001dc00bd0000), size 12386304, SharedBaseAddress: 0x000001dc00000000, ArchiveRelocationMode: 1.
Compressed class space mapped at: 0x000001dc01000000-0x000001dc41000000, reserved size: 1073741824
Narrow klass base: 0x000001dc00000000, Narrow klass shift: 0, Narrow klass range: 0x100000000

GC Precious Log:
 CPUs: 8 total, 8 available
 Memory: 16261M
 Large Page Support: Disabled
 NUMA Support: Disabled
 Compressed Oops: Enabled (Zero based)
 Heap Region Size: 2M
 Heap Min Capacity: 8M
 Heap Initial Capacity: 256M
 Heap Max Capacity: 4066M
 Pre-touch: Disabled
 Parallel Workers: 8
 Concurrent Workers: 2
 Concurrent Refinement Workers: 8
 Periodic GC: Disabled

Heap:
 garbage-first heap   total 305152K, used 198317K [0x0000000701e00000, 0x0000000800000000)
  region size 2048K, 3 young (6144K), 1 survivors (2048K)
 Metaspace       used 76087K, committed 76736K, reserved 1179648K
  class space    used 11163K, committed 11456K, reserved 1048576K

Heap Regions: E=young(eden), S=young(survivor), O=old, HS=humongous(starts), HC=humongous(continues), CS=collection set, F=free, OA=open archive, CA=closed archive, TAMS=top-at-mark-start (previous, next)
|   0|0x0000000701e00000, 0x0000000702000000, 0x0000000702000000|100%| O|  |TAMS 0x0000000702000000, 0x0000000701e00000| Untracked 
|   1|0x0000000702000000, 0x0000000702200000, 0x0000000702200000|100%| O|  |TAMS 0x0000000702200000, 0x0000000702000000| Untracked 
|   2|0x0000000702200000, 0x0000000702400000, 0x0000000702400000|100%| O|  |TAMS 0x0000000702400000, 0x0000000702200000| Untracked 
|   3|0x0000000702400000, 0x0000000702600000, 0x0000000702600000|100%|HS|  |TAMS 0x0000000702400000, 0x0000000702400000| Complete 
|   4|0x0000000702600000, 0x0000000702800000, 0x0000000702800000|100%| O|  |TAMS 0x0000000702800000, 0x0000000702600000| Updating 
|   5|0x0000000702800000, 0x0000000702a00000, 0x0000000702a00000|100%|HS|  |TAMS 0x0000000702a00000, 0x0000000702800000| Complete 
|   6|0x0000000702a00000, 0x0000000702c00000, 0x0000000702c00000|100%|HC|  |TAMS 0x0000000702c00000, 0x0000000702a00000| Complete 
|   7|0x0000000702c00000, 0x0000000702e00000, 0x0000000702e00000|100%| O|  |TAMS 0x0000000702e00000, 0x0000000702c00000| Updating 
|   8|0x0000000702e00000, 0x0000000703000000, 0x0000000703000000|100%|HS|  |TAMS 0x0000000702e00000, 0x0000000702e00000| Complete 
|   9|0x0000000703000000, 0x0000000703200000, 0x0000000703200000|100%|HC|  |TAMS 0x0000000703000000, 0x0000000703000000| Complete 
|  10|0x0000000703200000, 0x0000000703400000, 0x0000000703400000|100%| O|  |TAMS 0x0000000703400000, 0x0000000703200000| Updating 
|  11|0x0000000703400000, 0x0000000703600000, 0x0000000703600000|100%| O|  |TAMS 0x0000000703600000, 0x0000000703400000| Updating 
|  12|0x0000000703600000, 0x0000000703800000, 0x0000000703800000|100%|HS|  |TAMS 0x0000000703600000, 0x0000000703600000| Complete 
|  13|0x0000000703800000, 0x0000000703a00000, 0x0000000703a00000|100%| O|  |TAMS 0x0000000703a00000, 0x0000000703800000| Updating 
|  14|0x0000000703a00000, 0x0000000703c00000, 0x0000000703c00000|100%| O|  |TAMS 0x0000000703c00000, 0x0000000703a00000| Untracked 
|  15|0x0000000703c00000, 0x0000000703e00000, 0x0000000703e00000|100%| O|  |TAMS 0x0000000703e00000, 0x0000000703c00000| Updating 
|  16|0x0000000703e00000, 0x0000000704000000, 0x0000000704000000|100%|HS|  |TAMS 0x0000000703e00000, 0x0000000703e00000| Complete 
|  17|0x0000000704000000, 0x0000000704200000, 0x0000000704200000|100%|HC|  |TAMS 0x0000000704000000, 0x0000000704000000| Complete 
|  18|0x0000000704200000, 0x0000000704400000, 0x0000000704400000|100%| O|  |TAMS 0x0000000704400000, 0x0000000704200000| Untracked 
|  19|0x0000000704400000, 0x0000000704600000, 0x0000000704600000|100%|HS|  |TAMS 0x0000000704400000, 0x0000000704400000| Complete 
|  20|0x0000000704600000, 0x0000000704800000, 0x0000000704800000|100%|HC|  |TAMS 0x0000000704600000, 0x0000000704600000| Complete 
|  21|0x0000000704800000, 0x0000000704a00000, 0x0000000704a00000|100%|HC|  |TAMS 0x0000000704800000, 0x0000000704800000| Complete 
|  22|0x0000000704a00000, 0x0000000704c00000, 0x0000000704c00000|100%|HS|  |TAMS 0x0000000704a00000, 0x0000000704a00000| Complete 
|  23|0x0000000704c00000, 0x0000000704e00000, 0x0000000704e00000|100%|HC|  |TAMS 0x0000000704c00000, 0x0000000704c00000| Complete 
|  24|0x0000000704e00000, 0x0000000705000000, 0x0000000705000000|100%|HS|  |TAMS 0x0000000704e00000, 0x0000000704e00000| Complete 
|  25|0x0000000705000000, 0x0000000705200000, 0x0000000705200000|100%|HC|  |TAMS 0x0000000705000000, 0x0000000705000000| Complete 
|  26|0x0000000705200000, 0x0000000705400000, 0x0000000705400000|100%|HC|  |TAMS 0x0000000705200000, 0x0000000705200000| Complete 
|  27|0x0000000705400000, 0x0000000705600000, 0x0000000705600000|100%|HS|  |TAMS 0x0000000705400000, 0x0000000705400000| Complete 
|  28|0x0000000705600000, 0x0000000705800000, 0x0000000705800000|100%|HC|  |TAMS 0x0000000705600000, 0x0000000705600000| Complete 
|  29|0x0000000705800000, 0x0000000705a00000, 0x0000000705a00000|100%|HS|  |TAMS 0x0000000705800000, 0x0000000705800000| Complete 
|  30|0x0000000705a00000, 0x0000000705c00000, 0x0000000705c00000|100%|HC|  |TAMS 0x0000000705a00000, 0x0000000705a00000| Complete 
|  31|0x0000000705c00000, 0x0000000705e00000, 0x0000000705e00000|100%|HC|  |TAMS 0x0000000705c00000, 0x0000000705c00000| Complete 
|  32|0x0000000705e00000, 0x0000000706000000, 0x0000000706000000|100%|HS|  |TAMS 0x0000000705e00000, 0x0000000705e00000| Complete 
|  33|0x0000000706000000, 0x0000000706200000, 0x0000000706200000|100%|HC|  |TAMS 0x0000000706000000, 0x0000000706000000| Complete 
|  34|0x0000000706200000, 0x0000000706400000, 0x0000000706400000|100%|HC|  |TAMS 0x0000000706200000, 0x0000000706200000| Complete 
|  35|0x0000000706400000, 0x0000000706600000, 0x0000000706600000|100%|HC|  |TAMS 0x0000000706400000, 0x0000000706400000| Complete 
|  36|0x0000000706600000, 0x0000000706800000, 0x0000000706800000|100%|HC|  |TAMS 0x0000000706600000, 0x0000000706600000| Complete 
|  37|0x0000000706800000, 0x0000000706a00000, 0x0000000706a00000|100%|HS|  |TAMS 0x0000000706800000, 0x0000000706800000| Complete 
|  38|0x0000000706a00000, 0x0000000706c00000, 0x0000000706c00000|100%|HC|  |TAMS 0x0000000706a00000, 0x0000000706a00000| Complete 
|  39|0x0000000706c00000, 0x0000000706e00000, 0x0000000706e00000|100%|HC|  |TAMS 0x0000000706c00000, 0x0000000706c00000| Complete 
|  40|0x0000000706e00000, 0x0000000707000000, 0x0000000707000000|100%|HS|  |TAMS 0x0000000706e00000, 0x0000000706e00000| Complete 
|  41|0x0000000707000000, 0x0000000707200000, 0x0000000707200000|100%|HC|  |TAMS 0x0000000707000000, 0x0000000707000000| Complete 
|  42|0x0000000707200000, 0x0000000707400000, 0x0000000707400000|100%|HC|  |TAMS 0x0000000707200000, 0x0000000707200000| Complete 
|  43|0x0000000707400000, 0x0000000707600000, 0x0000000707600000|100%|HS|  |TAMS 0x0000000707400000, 0x0000000707400000| Complete 
|  44|0x0000000707600000, 0x0000000707800000, 0x0000000707800000|100%|HC|  |TAMS 0x0000000707600000, 0x0000000707600000| Complete 
|  45|0x0000000707800000, 0x0000000707a00000, 0x0000000707a00000|100%|HC|  |TAMS 0x0000000707800000, 0x0000000707800000| Complete 
|  46|0x0000000707a00000, 0x0000000707c00000, 0x0000000707c00000|100%|HS|  |TAMS 0x0000000707a00000, 0x0000000707a00000| Complete 
|  47|0x0000000707c00000, 0x0000000707e00000, 0x0000000707e00000|100%|HS|  |TAMS 0x0000000707c00000, 0x0000000707c00000| Complete 
|  48|0x0000000707e00000, 0x0000000708000000, 0x0000000708000000|100%|HC|  |TAMS 0x0000000707e00000, 0x0000000707e00000| Complete 
|  49|0x0000000708000000, 0x0000000708200000, 0x0000000708200000|100%|HS|  |TAMS 0x0000000708000000, 0x0000000708000000| Complete 
|  50|0x0000000708200000, 0x0000000708400000, 0x0000000708400000|100%|HC|  |TAMS 0x0000000708200000, 0x0000000708200000| Complete 
|  51|0x0000000708400000, 0x0000000708600000, 0x0000000708600000|100%|HC|  |TAMS 0x0000000708400000, 0x0000000708400000| Complete 
|  52|0x0000000708600000, 0x0000000708800000, 0x0000000708800000|100%| O|  |TAMS 0x0000000708800000, 0x0000000708600000| Updating 
|  53|0x0000000708800000, 0x0000000708a00000, 0x0000000708a00000|100%|HS|  |TAMS 0x0000000708800000, 0x0000000708800000| Complete 
|  54|0x0000000708a00000, 0x0000000708c00000, 0x0000000708c00000|100%|HC|  |TAMS 0x0000000708a00000, 0x0000000708a00000| Complete 
|  55|0x0000000708c00000, 0x0000000708e00000, 0x0000000708e00000|100%|HC|  |TAMS 0x0000000708c00000, 0x0000000708c00000| Complete 
|  56|0x0000000708e00000, 0x0000000709000000, 0x0000000709000000|100%|HS|  |TAMS 0x0000000709000000, 0x0000000708e00000| Complete 
|  57|0x0000000709000000, 0x0000000709200000, 0x0000000709200000|100%|HC|  |TAMS 0x0000000709200000, 0x0000000709000000| Complete 
|  58|0x0000000709200000, 0x0000000709400000, 0x0000000709400000|100%| O|  |TAMS 0x0000000709400000, 0x0000000709200000| Untracked 
|  59|0x0000000709400000, 0x0000000709600000, 0x0000000709600000|100%|HS|  |TAMS 0x0000000709400000, 0x0000000709400000| Complete 
|  60|0x0000000709600000, 0x0000000709800000, 0x0000000709800000|100%|HC|  |TAMS 0x0000000709600000, 0x0000000709600000| Complete 
|  61|0x0000000709800000, 0x0000000709a00000, 0x0000000709a00000|100%|HC|  |TAMS 0x0000000709800000, 0x0000000709800000| Complete 
|  62|0x0000000709a00000, 0x0000000709c00000, 0x0000000709c00000|100%|HC|  |TAMS 0x0000000709a00000, 0x0000000709a00000| Complete 
|  63|0x0000000709c00000, 0x0000000709e00000, 0x0000000709e00000|100%|HC|  |TAMS 0x0000000709c00000, 0x0000000709c00000| Complete 
|  64|0x0000000709e00000, 0x000000070a000000, 0x000000070a000000|100%|HS|  |TAMS 0x0000000709e00000, 0x0000000709e00000| Complete 
|  65|0x000000070a000000, 0x000000070a200000, 0x000000070a200000|100%|HC|  |TAMS 0x000000070a000000, 0x000000070a000000| Complete 
|  66|0x000000070a200000, 0x000000070a400000, 0x000000070a400000|100%|HC|  |TAMS 0x000000070a200000, 0x000000070a200000| Complete 
|  67|0x000000070a400000, 0x000000070a600000, 0x000000070a600000|100%|HS|  |TAMS 0x000000070a400000, 0x000000070a400000| Complete 
|  68|0x000000070a600000, 0x000000070a800000, 0x000000070a800000|100%|HC|  |TAMS 0x000000070a600000, 0x000000070a600000| Complete 
|  69|0x000000070a800000, 0x000000070aa00000, 0x000000070aa00000|100%|HS|  |TAMS 0x000000070a800000, 0x000000070a800000| Complete 
|  70|0x000000070aa00000, 0x000000070ac00000, 0x000000070ac00000|100%|HC|  |TAMS 0x000000070aa00000, 0x000000070aa00000| Complete 
|  71|0x000000070ac00000, 0x000000070ae00000, 0x000000070ae00000|100%|HS|  |TAMS 0x000000070ae00000, 0x000000070ac00000| Complete 
|  72|0x000000070ae00000, 0x000000070b000000, 0x000000070b000000|100%|HC|  |TAMS 0x000000070b000000, 0x000000070ae00000| Complete 
|  73|0x000000070b000000, 0x000000070b200000, 0x000000070b200000|100%|HS|  |TAMS 0x000000070b000000, 0x000000070b000000| Complete 
|  74|0x000000070b200000, 0x000000070b400000, 0x000000070b400000|100%|HC|  |TAMS 0x000000070b200000, 0x000000070b200000| Complete 
|  75|0x000000070b400000, 0x000000070b600000, 0x000000070b600000|100%|HC|  |TAMS 0x000000070b400000, 0x000000070b400000| Complete 
|  76|0x000000070b600000, 0x000000070b800000, 0x000000070b800000|100%|HS|  |TAMS 0x000000070b600000, 0x000000070b600000| Complete 
|  77|0x000000070b800000, 0x000000070ba00000, 0x000000070ba00000|100%|HC|  |TAMS 0x000000070b800000, 0x000000070b800000| Complete 
|  78|0x000000070ba00000, 0x000000070bc00000, 0x000000070bc00000|100%|HC|  |TAMS 0x000000070ba00000, 0x000000070ba00000| Complete 
|  79|0x000000070bc00000, 0x000000070be00000, 0x000000070be00000|100%|HS|  |TAMS 0x000000070be00000, 0x000000070bc00000| Complete 
|  80|0x000000070be00000, 0x000000070c000000, 0x000000070c000000|100%|HC|  |TAMS 0x000000070c000000, 0x000000070be00000| Complete 
|  81|0x000000070c000000, 0x000000070c200000, 0x000000070c200000|100%|HC|  |TAMS 0x000000070c200000, 0x000000070c000000| Complete 
|  82|0x000000070c200000, 0x000000070c400000, 0x000000070c400000|100%|HS|  |TAMS 0x000000070c400000, 0x000000070c200000| Complete 
|  83|0x000000070c400000, 0x000000070c600000, 0x000000070c600000|100%|HC|  |TAMS 0x000000070c600000, 0x000000070c400000| Complete 
|  84|0x000000070c600000, 0x000000070c800000, 0x000000070c800000|100%|HC|  |TAMS 0x000000070c800000, 0x000000070c600000| Complete 
|  85|0x000000070c800000, 0x000000070c800000, 0x000000070ca00000|  0%| F|  |TAMS 0x000000070c800000, 0x000000070c800000| Untracked 
|  86|0x000000070ca00000, 0x000000070ca00000, 0x000000070cc00000|  0%| F|  |TAMS 0x000000070ca00000, 0x000000070ca00000| Untracked 
|  87|0x000000070cc00000, 0x000000070cc00000, 0x000000070ce00000|  0%| F|  |TAMS 0x000000070cc00000, 0x000000070cc00000| Untracked 
|  88|0x000000070ce00000, 0x000000070ce00000, 0x000000070d000000|  0%| F|  |TAMS 0x000000070ce00000, 0x000000070ce00000| Untracked 
|  89|0x000000070d000000, 0x000000070d000000, 0x000000070d200000|  0%| F|  |TAMS 0x000000070d000000, 0x000000070d000000| Untracked 
|  90|0x000000070d200000, 0x000000070d200000, 0x000000070d400000|  0%| F|  |TAMS 0x000000070d200000, 0x000000070d200000| Untracked 
|  91|0x000000070d400000, 0x000000070d400000, 0x000000070d600000|  0%| F|  |TAMS 0x000000070d400000, 0x000000070d400000| Untracked 
|  92|0x000000070d600000, 0x000000070d600000, 0x000000070d800000|  0%| F|  |TAMS 0x000000070d600000, 0x000000070d600000| Untracked 
|  93|0x000000070d800000, 0x000000070d800000, 0x000000070da00000|  0%| F|  |TAMS 0x000000070d800000, 0x000000070d800000| Untracked 
|  94|0x000000070da00000, 0x000000070da00000, 0x000000070dc00000|  0%| F|  |TAMS 0x000000070da00000, 0x000000070da00000| Untracked 
|  95|0x000000070dc00000, 0x000000070dc00000, 0x000000070de00000|  0%| F|  |TAMS 0x000000070dc00000, 0x000000070dc00000| Untracked 
|  96|0x000000070de00000, 0x000000070de00000, 0x000000070e000000|  0%| F|  |TAMS 0x000000070de00000, 0x000000070de00000| Untracked 
|  97|0x000000070e000000, 0x000000070e000000, 0x000000070e200000|  0%| F|  |TAMS 0x000000070e000000, 0x000000070e000000| Untracked 
|  98|0x000000070e200000, 0x000000070e200000, 0x000000070e400000|  0%| F|  |TAMS 0x000000070e200000, 0x000000070e200000| Untracked 
|  99|0x000000070e400000, 0x000000070e400000, 0x000000070e600000|  0%| F|  |TAMS 0x000000070e400000, 0x000000070e400000| Untracked 
| 100|0x000000070e600000, 0x000000070e800000, 0x000000070e800000|100%|HS|  |TAMS 0x000000070e800000, 0x000000070e600000| Complete 
| 101|0x000000070e800000, 0x000000070ea00000, 0x000000070ea00000|100%|HC|  |TAMS 0x000000070ea00000, 0x000000070e800000| Complete 
| 102|0x000000070ea00000, 0x000000070ec00000, 0x000000070ec00000|100%|HS|  |TAMS 0x000000070ec00000, 0x000000070ea00000| Complete 
| 103|0x000000070ec00000, 0x000000070ee00000, 0x000000070ee00000|100%|HC|  |TAMS 0x000000070ee00000, 0x000000070ec00000| Complete 
| 104|0x000000070ee00000, 0x000000070ee00000, 0x000000070f000000|  0%| F|  |TAMS 0x000000070ee00000, 0x000000070ee00000| Untracked 
| 105|0x000000070f000000, 0x000000070f000000, 0x000000070f200000|  0%| F|  |TAMS 0x000000070f000000, 0x000000070f000000| Untracked 
| 106|0x000000070f200000, 0x000000070f200000, 0x000000070f400000|  0%| F|  |TAMS 0x000000070f200000, 0x000000070f200000| Untracked 
| 107|0x000000070f400000, 0x000000070f400000, 0x000000070f600000|  0%| F|  |TAMS 0x000000070f400000, 0x000000070f400000| Untracked 
| 108|0x000000070f600000, 0x000000070f6939e8, 0x000000070f800000| 28%| S|CS|TAMS 0x000000070f600000, 0x000000070f600000| Complete 
| 109|0x000000070f800000, 0x000000070fa00000, 0x000000070fa00000|100%| O|  |TAMS 0x000000070fa00000, 0x000000070f800000| Untracked 
| 110|0x000000070fa00000, 0x000000070fa00000, 0x000000070fc00000|  0%| F|  |TAMS 0x000000070fa00000, 0x000000070fa00000| Untracked 
| 111|0x000000070fc00000, 0x000000070fc00000, 0x000000070fe00000|  0%| F|  |TAMS 0x000000070fc00000, 0x000000070fc00000| Untracked 
| 112|0x000000070fe00000, 0x000000070fe00000, 0x0000000710000000|  0%| F|  |TAMS 0x000000070fe00000, 0x000000070fe00000| Untracked 
| 113|0x0000000710000000, 0x0000000710000000, 0x0000000710200000|  0%| F|  |TAMS 0x0000000710000000, 0x0000000710000000| Untracked 
| 114|0x0000000710200000, 0x0000000710200000, 0x0000000710400000|  0%| F|  |TAMS 0x0000000710200000, 0x0000000710200000| Untracked 
| 115|0x0000000710400000, 0x0000000710400000, 0x0000000710600000|  0%| F|  |TAMS 0x0000000710400000, 0x0000000710400000| Untracked 
| 116|0x0000000710600000, 0x0000000710600000, 0x0000000710800000|  0%| F|  |TAMS 0x0000000710600000, 0x0000000710600000| Untracked 
| 117|0x0000000710800000, 0x0000000710800000, 0x0000000710a00000|  0%| F|  |TAMS 0x0000000710800000, 0x0000000710800000| Untracked 
| 118|0x0000000710a00000, 0x0000000710a00000, 0x0000000710c00000|  0%| F|  |TAMS 0x0000000710a00000, 0x0000000710a00000| Untracked 
| 119|0x0000000710c00000, 0x0000000710c00000, 0x0000000710e00000|  0%| F|  |TAMS 0x0000000710c00000, 0x0000000710c00000| Untracked 
| 120|0x0000000710e00000, 0x0000000710e00000, 0x0000000711000000|  0%| F|  |TAMS 0x0000000710e00000, 0x0000000710e00000| Untracked 
| 121|0x0000000711000000, 0x0000000711000000, 0x0000000711200000|  0%| F|  |TAMS 0x0000000711000000, 0x0000000711000000| Untracked 
| 122|0x0000000711200000, 0x0000000711200000, 0x0000000711400000|  0%| F|  |TAMS 0x0000000711200000, 0x0000000711200000| Untracked 
| 123|0x0000000711400000, 0x0000000711400000, 0x0000000711600000|  0%| F|  |TAMS 0x0000000711400000, 0x0000000711400000| Untracked 
| 124|0x0000000711600000, 0x0000000711600000, 0x0000000711800000|  0%| F|  |TAMS 0x0000000711600000, 0x0000000711600000| Untracked 
| 125|0x0000000711800000, 0x0000000711800000, 0x0000000711a00000|  0%| F|  |TAMS 0x0000000711800000, 0x0000000711800000| Untracked 
| 126|0x0000000711a00000, 0x0000000711a00000, 0x0000000711c00000|  0%| F|  |TAMS 0x0000000711a00000, 0x0000000711a00000| Untracked 
| 127|0x0000000711c00000, 0x0000000711c00000, 0x0000000711e00000|  0%| F|  |TAMS 0x0000000711c00000, 0x0000000711c00000| Untracked 
| 128|0x0000000711e00000, 0x0000000711e00000, 0x0000000712000000|  0%| F|  |TAMS 0x0000000711e00000, 0x0000000711e00000| Untracked 
| 129|0x0000000712000000, 0x0000000712000000, 0x0000000712200000|  0%| F|  |TAMS 0x0000000712000000, 0x0000000712000000| Untracked 
| 130|0x0000000712200000, 0x0000000712200000, 0x0000000712400000|  0%| F|  |TAMS 0x0000000712200000, 0x0000000712200000| Untracked 
| 131|0x0000000712400000, 0x0000000712600000, 0x0000000712600000|100%| O|  |TAMS 0x0000000712600000, 0x0000000712400000| Untracked 
| 132|0x0000000712600000, 0x0000000712600000, 0x0000000712800000|  0%| F|  |TAMS 0x0000000712600000, 0x0000000712600000| Untracked 
| 133|0x0000000712800000, 0x0000000712800000, 0x0000000712a00000|  0%| F|  |TAMS 0x0000000712800000, 0x0000000712800000| Untracked 
| 134|0x0000000712a00000, 0x0000000712a00000, 0x0000000712c00000|  0%| F|  |TAMS 0x0000000712a00000, 0x0000000712a00000| Untracked 
| 135|0x0000000712c00000, 0x0000000712c00000, 0x0000000712e00000|  0%| F|  |TAMS 0x0000000712c00000, 0x0000000712c00000| Untracked 
| 136|0x0000000712e00000, 0x0000000712e00000, 0x0000000713000000|  0%| F|  |TAMS 0x0000000712e00000, 0x0000000712e00000| Untracked 
| 137|0x0000000713000000, 0x0000000713000000, 0x0000000713200000|  0%| F|  |TAMS 0x0000000713000000, 0x0000000713000000| Untracked 
| 138|0x0000000713200000, 0x0000000713200000, 0x0000000713400000|  0%| F|  |TAMS 0x0000000713200000, 0x0000000713200000| Untracked 
| 139|0x0000000713400000, 0x0000000713400000, 0x0000000713600000|  0%| F|  |TAMS 0x0000000713400000, 0x0000000713400000| Untracked 
| 140|0x0000000713600000, 0x0000000713600000, 0x0000000713800000|  0%| F|  |TAMS 0x0000000713600000, 0x0000000713600000| Untracked 
| 141|0x0000000713800000, 0x0000000713880010, 0x0000000713a00000| 25%| E|  |TAMS 0x0000000713800000, 0x0000000713800000| Complete 
| 172|0x0000000717600000, 0x0000000717800000, 0x0000000717800000|100%| O|  |TAMS 0x0000000717800000, 0x0000000717600000| Untracked 
| 173|0x0000000717800000, 0x0000000717a00000, 0x0000000717a00000|100%| O|  |TAMS 0x0000000717a00000, 0x0000000717800000| Untracked 
| 229|0x000000071e800000, 0x000000071ea00000, 0x000000071ea00000|100%| O|  |TAMS 0x000000071ea00000, 0x000000071e800000| Untracked 
| 236|0x000000071f600000, 0x000000071f800000, 0x000000071f800000|100%| O|  |TAMS 0x000000071f800000, 0x000000071f600000| Untracked 
| 242|0x0000000720200000, 0x00000007203bae00, 0x0000000720400000| 86%| O|  |TAMS 0x00000007203bae00, 0x0000000720200000| Updating 
|2031|0x00000007ffc00000, 0x00000007ffd5ce00, 0x00000007ffe00000| 68%| O|  |TAMS 0x00000007ffd55800, 0x00000007ffc00000| Updating 
|2032|0x00000007ffe00000, 0x00000007fffa88c0, 0x0000000800000000| 82%| E|  |TAMS 0x00000007ffe00000, 0x00000007ffe00000| Complete 

Card table byte_map: [0x000001dc522b0000,0x000001dc52ab0000] _byte_map_base: 0x000001dc4eaa1000

Marking Bits (Prev, Next): (CMBitMap*) 0x000001dc47160e60, (CMBitMap*) 0x000001dc47160ea0
 Prev Bits: [0x000001dc532b0000, 0x000001dc57238000)
 Next Bits: [0x000001dc57240000, 0x000001dc5b1c8000)

Polling page: 0x000001dc45260000

Metaspace:

Usage:
  Non-class:     63.40 MB used.
      Class:     10.90 MB used.
       Both:     74.30 MB used.

Virtual space:
  Non-class space:      128.00 MB reserved,      63.75 MB ( 50%) committed,  2 nodes.
      Class space:        1.00 GB reserved,      11.19 MB (  1%) committed,  1 nodes.
             Both:        1.12 GB reserved,      74.94 MB (  7%) committed. 

Chunk freelists:
   Non-Class:  15.89 MB
       Class:  4.63 MB
        Both:  20.52 MB

MaxMetaspaceSize: unlimited
CompressedClassSpaceSize: 1.00 GB
Initial GC threshold: 21.00 MB
Current GC threshold: 124.94 MB
CDS: on
MetaspaceReclaimPolicy: balanced
 - commit_granule_bytes: 65536.
 - commit_granule_words: 8192.
 - virtual_space_node_default_size: 8388608.
 - enlarge_chunks_in_place: 1.
 - new_chunks_are_fully_committed: 0.
 - uncommit_free_chunks: 1.
 - use_allocation_guard: 0.
 - handle_deallocations: 1.


Internal statistics:

num_allocs_failed_limit: 9.
num_arena_births: 1794.
num_arena_deaths: 736.
num_vsnodes_births: 3.
num_vsnodes_deaths: 0.
num_space_committed: 1199.
num_space_uncommitted: 0.
num_chunks_returned_to_freelist: 992.
num_chunks_taken_from_freelist: 4977.
num_chunk_merges: 265.
num_chunk_splits: 3084.
num_chunks_enlarged: 2161.
num_inconsistent_stats: 0.

CodeCache: size=49152Kb used=24450Kb max_used=26140Kb free=24701Kb
 bounds [0x000001dc4e9a0000, 0x000001dc50330000, 0x000001dc519a0000]
 total_blobs=15067 nmethods=14359 adapters=634
 compilation: enabled
              stopped_count=0, restarted_count=0
 full_count=0

Compilation events (20 events):
Event: 27961.377 Thread 0x000001dc6207b860 nmethod 14524 0x000001dc5010ad90 code [0x000001dc5010b020, 0x000001dc5010b8e8]
Event: 27961.377 Thread 0x000001dc655ea850 nmethod 14531 0x000001dc5010aa10 code [0x000001dc5010aba0, 0x000001dc5010acd8]
Event: 27961.377 Thread 0x000001dc655ea850 14533       1       org.springframework.data.jpa.repository.query.JpaQueryMethod::getHints (29 bytes)
Event: 27961.378 Thread 0x000001dc6207b860 14532       1       org.springframework.data.jpa.repository.query.AbstractJpaQuery::applyHints (101 bytes)
Event: 27961.379 Thread 0x000001dc63305990 nmethod 14528 0x000001dc50109d10 code [0x000001dc50109f40, 0x000001dc5010a658]
Event: 27961.379 Thread 0x000001dc63305990 14534       1       org.springframework.data.jpa.repository.query.JpaQueryMethod::getMetaAnnotation (15 bytes)
Event: 27961.379 Thread 0x000001dc62038fb0 nmethod 14519 0x000001dc50104390 code [0x000001dc50104ae0, 0x000001dc50107bf8]
Event: 27961.380 Thread 0x000001dc62038fb0 14535       1       org.springframework.data.jpa.repository.query.JpaQueryMethod$$Lambda$1650/0x000001dc01ac9720::<init> (10 bytes)
Event: 27961.380 Thread 0x000001dc62038fb0 nmethod 14535 0x000001dc50104090 code [0x000001dc50104220, 0x000001dc50104338]
Event: 27961.380 Thread 0x000001dc62038fb0 14536       1       org.springframework.data.jpa.repository.query.AbstractJpaQuery::applyEntityGraphConfiguration (54 bytes)
Event: 27961.380 Thread 0x000001dc63305990 nmethod 14534 0x000001dc50103a90 code [0x000001dc50103c60, 0x000001dc50103ed8]
Event: 27961.380 Thread 0x000001dc655ea850 nmethod 14533 0x000001dc50103390 code [0x000001dc50103560, 0x000001dc50103928]
Event: 27961.380 Thread 0x000001dc63305990 14537       1       org.springframework.data.jpa.repository.query.JpaQueryMethod::getEntityGraph (11 bytes)
Event: 27961.381 Thread 0x000001dc63305990 nmethod 14537 0x000001dc50102f10 code [0x000001dc501030c0, 0x000001dc50103288]
Event: 27961.381 Thread 0x000001dc62038fb0 nmethod 14536 0x000001dc50102590 code [0x000001dc501027a0, 0x000001dc50102b98]
Event: 27961.382 Thread 0x000001dc6207b860 nmethod 14532 0x000001dc50101390 code [0x000001dc50101660, 0x000001dc50101fd8]
Event: 27961.496 Thread 0x000001dc6207b860 14538       1       org.springframework.data.jpa.repository.query.JpaQueryMethod::hasQueryMetaAttributes (11 bytes)
Event: 27961.497 Thread 0x000001dc6207b860 nmethod 14538 0x000001dc50100d10 code [0x000001dc50100ee0, 0x000001dc50101198]
Event: 28072.926 Thread 0x000001dc62038fb0 14539       1       com.bit.backend.entities.FeedbackEntity::getAnonymous (5 bytes)
Event: 28072.926 Thread 0x000001dc62038fb0 nmethod 14539 0x000001dc50100a10 code [0x000001dc50100ba0, 0x000001dc50100c78]

GC Heap History (20 events):
Event: 27965.678 GC heap before
{Heap before GC invocations=802 (full 0):
 garbage-first heap   total 372736K, used 144666K [0x0000000701e00000, 0x0000000800000000)
  region size 2048K, 4 young (8192K), 1 survivors (2048K)
 Metaspace       used 76087K, committed 76736K, reserved 1179648K
  class space    used 11163K, committed 11456K, reserved 1048576K
}
Event: 27965.680 GC heap after
{Heap after GC invocations=803 (full 0):
 garbage-first heap   total 372736K, used 98102K [0x0000000701e00000, 0x0000000800000000)
  region size 2048K, 1 young (2048K), 1 survivors (2048K)
 Metaspace       used 76087K, committed 76736K, reserved 1179648K
  class space    used 11163K, committed 11456K, reserved 1048576K
}
Event: 27966.294 GC heap before
{Heap before GC invocations=804 (full 0):
 garbage-first heap   total 372736K, used 243510K [0x0000000701e00000, 0x0000000800000000)
  region size 2048K, 3 young (6144K), 1 survivors (2048K)
 Metaspace       used 76087K, committed 76736K, reserved 1179648K
  class space    used 11163K, committed 11456K, reserved 1048576K
}
Event: 27966.296 GC heap after
{Heap after GC invocations=805 (full 0):
 garbage-first heap   total 372736K, used 42285K [0x0000000701e00000, 0x0000000800000000)
  region size 2048K, 1 young (2048K), 1 survivors (2048K)
 Metaspace       used 76087K, committed 76736K, reserved 1179648K
  class space    used 11163K, committed 11456K, reserved 1048576K
}
Event: 28048.922 GC heap before
{Heap before GC invocations=806 (full 0):
 garbage-first heap   total 372736K, used 220461K [0x0000000701e00000, 0x0000000800000000)
  region size 2048K, 6 young (12288K), 1 survivors (2048K)
 Metaspace       used 76087K, committed 76736K, reserved 1179648K
  class space    used 11163K, committed 11456K, reserved 1048576K
}
Event: 28048.924 GC heap after
{Heap after GC invocations=807 (full 0):
 garbage-first heap   total 372736K, used 42283K [0x0000000701e00000, 0x0000000800000000)
  region size 2048K, 1 young (2048K), 1 survivors (2048K)
 Metaspace       used 76087K, committed 76736K, reserved 1179648K
  class space    used 11163K, committed 11456K, reserved 1048576K
}
Event: 28049.112 GC heap before
{Heap before GC invocations=808 (full 0):
 garbage-first heap   total 264192K, used 251179K [0x0000000701e00000, 0x0000000800000000)
  region size 2048K, 5 young (10240K), 1 survivors (2048K)
 Metaspace       used 76087K, committed 76736K, reserved 1179648K
  class space    used 11163K, committed 11456K, reserved 1048576K
}
Event: 28049.114 GC heap after
{Heap after GC invocations=809 (full 0):
 garbage-first heap   total 264192K, used 132404K [0x0000000701e00000, 0x0000000800000000)
  region size 2048K, 1 young (2048K), 1 survivors (2048K)
 Metaspace       used 76087K, committed 76736K, reserved 1179648K
  class space    used 11163K, committed 11456K, reserved 1048576K
}
Event: 28049.855 GC heap before
{Heap before GC invocations=809 (full 0):
 garbage-first heap   total 264192K, used 251188K [0x0000000701e00000, 0x0000000800000000)
  region size 2048K, 3 young (6144K), 1 survivors (2048K)
 Metaspace       used 76087K, committed 76736K, reserved 1179648K
  class space    used 11163K, committed 11456K, reserved 1048576K
}
Event: 28049.858 GC heap after
{Heap after GC invocations=810 (full 0):
 garbage-first heap   total 264192K, used 87206K [0x0000000701e00000, 0x0000000800000000)
  region size 2048K, 1 young (2048K), 1 survivors (2048K)
 Metaspace       used 76087K, committed 76736K, reserved 1179648K
  class space    used 11163K, committed 11456K, reserved 1048576K
}
Event: 28049.858 GC heap before
{Heap before GC invocations=810 (full 0):
 garbage-first heap   total 264192K, used 91302K [0x0000000701e00000, 0x0000000800000000)
  region size 2048K, 1 young (2048K), 1 survivors (2048K)
 Metaspace       used 76087K, committed 76736K, reserved 1179648K
  class space    used 11163K, committed 11456K, reserved 1048576K
}
Event: 28049.860 GC heap after
{Heap after GC invocations=811 (full 0):
 garbage-first heap   total 264192K, used 89289K [0x0000000701e00000, 0x0000000800000000)
  region size 2048K, 1 young (2048K), 1 survivors (2048K)
 Metaspace       used 76087K, committed 76736K, reserved 1179648K
  class space    used 11163K, committed 11456K, reserved 1048576K
}
Event: 28072.931 GC heap before
{Heap before GC invocations=812 (full 0):
 garbage-first heap   total 307200K, used 181449K [0x0000000701e00000, 0x0000000800000000)
  region size 2048K, 3 young (6144K), 1 survivors (2048K)
 Metaspace       used 76087K, committed 76736K, reserved 1179648K
  class space    used 11163K, committed 11456K, reserved 1048576K
}
Event: 28072.933 GC heap after
{Heap after GC invocations=813 (full 0):
 garbage-first heap   total 307200K, used 42164K [0x0000000701e00000, 0x0000000800000000)
  region size 2048K, 1 young (2048K), 1 survivors (2048K)
 Metaspace       used 76087K, committed 76736K, reserved 1179648K
  class space    used 11163K, committed 11456K, reserved 1048576K
}
Event: 28073.065 GC heap before
{Heap before GC invocations=814 (full 0):
 garbage-first heap   total 239616K, used 230580K [0x0000000701e00000, 0x0000000800000000)
  region size 2048K, 6 young (12288K), 1 survivors (2048K)
 Metaspace       used 76087K, committed 76736K, reserved 1179648K
  class space    used 11163K, committed 11456K, reserved 1048576K
}
Event: 28073.066 GC heap after
{Heap after GC invocations=815 (full 0):
 garbage-first heap   total 241664K, used 122580K [0x0000000701e00000, 0x0000000800000000)
  region size 2048K, 1 young (2048K), 1 survivors (2048K)
 Metaspace       used 76087K, committed 76736K, reserved 1179648K
  class space    used 11163K, committed 11456K, reserved 1048576K
}
Event: 28073.714 GC heap before
{Heap before GC invocations=815 (full 0):
 garbage-first heap   total 241664K, used 231124K [0x0000000701e00000, 0x0000000800000000)
  region size 2048K, 2 young (4096K), 1 survivors (2048K)
 Metaspace       used 76087K, committed 76736K, reserved 1179648K
  class space    used 11163K, committed 11456K, reserved 1048576K
}
Event: 28073.716 GC heap after
{Heap after GC invocations=816 (full 0):
 garbage-first heap   total 241664K, used 70813K [0x0000000701e00000, 0x0000000800000000)
  region size 2048K, 1 young (2048K), 1 survivors (2048K)
 Metaspace       used 76087K, committed 76736K, reserved 1179648K
  class space    used 11163K, committed 11456K, reserved 1048576K
}
Event: 28073.717 GC heap before
{Heap before GC invocations=816 (full 0):
 garbage-first heap   total 241664K, used 74909K [0x0000000701e00000, 0x0000000800000000)
  region size 2048K, 2 young (4096K), 1 survivors (2048K)
 Metaspace       used 76087K, committed 76736K, reserved 1179648K
  class space    used 11163K, committed 11456K, reserved 1048576K
}
Event: 28073.719 GC heap after
{Heap after GC invocations=817 (full 0):
 garbage-first heap   total 241664K, used 75437K [0x0000000701e00000, 0x0000000800000000)
  region size 2048K, 1 young (2048K), 1 survivors (2048K)
 Metaspace       used 76087K, committed 76736K, reserved 1179648K
  class space    used 11163K, committed 11456K, reserved 1048576K
}

Deoptimization events (8 events):
Event: 13.862 Thread 0x000001dc470f1fe0 DEOPT PACKING pc=0x000001dc4f11226c sp=0x00000027cc4fd630
Event: 13.862 Thread 0x000001dc470f1fe0 DEOPT UNPACKING pc=0x000001dc4e9f2b43 sp=0x00000027cc4fcae8 mode 0
Event: 19.886 Thread 0x000001dc470f1fe0 DEOPT PACKING pc=0x000001dc4efc51d4 sp=0x00000027cc4fc870
Event: 19.886 Thread 0x000001dc470f1fe0 DEOPT UNPACKING pc=0x000001dc4e9f2b43 sp=0x00000027cc4fbdc8 mode 0
Event: 20.109 Thread 0x000001dc470f1fe0 DEOPT PACKING pc=0x000001dc4ef7d652 sp=0x00000027cc4fcb20
Event: 20.109 Thread 0x000001dc470f1fe0 DEOPT UNPACKING pc=0x000001dc4e9f2b43 sp=0x00000027cc4fc028 mode 3
Event: 12826.806 Thread 0x000001dc62785cc0 DEOPT PACKING pc=0x000001dc4f41921c sp=0x00000027cf4f8a40
Event: 12826.806 Thread 0x000001dc62785cc0 DEOPT UNPACKING pc=0x000001dc4e9f2b43 sp=0x00000027cf4f7ef0 mode 0

Classes unloaded (20 events):
Event: 26076.468 Thread 0x000001dc5dcc07c0 Unloading class 0x000001dc010d2800 'jdk/internal/reflect/GeneratedSerializationConstructorAccessor157'
Event: 26076.468 Thread 0x000001dc5dcc07c0 Unloading class 0x000001dc01b50c00 'jdk/internal/reflect/GeneratedSerializationConstructorAccessor156'
Event: 26076.468 Thread 0x000001dc5dcc07c0 Unloading class 0x000001dc01b4b800 'jdk/internal/reflect/GeneratedSerializationConstructorAccessor155'
Event: 26466.275 Thread 0x000001dc5dcc07c0 Unloading class 0x000001dc01b4b800 'jdk/internal/reflect/GeneratedSerializationConstructorAccessor160'
Event: 26466.275 Thread 0x000001dc5dcc07c0 Unloading class 0x000001dc01b50c00 'jdk/internal/reflect/GeneratedSerializationConstructorAccessor159'
Event: 26466.275 Thread 0x000001dc5dcc07c0 Unloading class 0x000001dc010d2800 'jdk/internal/reflect/GeneratedSerializationConstructorAccessor158'
Event: 26712.904 Thread 0x000001dc5dcc07c0 Unloading class 0x000001dc01b5dc00 'jdk/internal/reflect/GeneratedSerializationConstructorAccessor163'
Event: 26712.904 Thread 0x000001dc5dcc07c0 Unloading class 0x000001dc01b5d800 'jdk/internal/reflect/GeneratedSerializationConstructorAccessor162'
Event: 26712.904 Thread 0x000001dc5dcc07c0 Unloading class 0x000001dc01b5d400 'jdk/internal/reflect/GeneratedSerializationConstructorAccessor161'
Event: 27225.795 Thread 0x000001dc5dcc07c0 Unloading class 0x000001dc01b4b000 'jdk/internal/reflect/GeneratedMethodAccessor273'
Event: 27269.902 Thread 0x000001dc5dcc07c0 Unloading class 0x000001dc01132400 'jdk/internal/reflect/GeneratedMethodAccessor272'
Event: 27501.988 Thread 0x000001dc5dcc07c0 Unloading class 0x000001dc01b50c00 'jdk/internal/reflect/GeneratedSerializationConstructorAccessor166'
Event: 27501.988 Thread 0x000001dc5dcc07c0 Unloading class 0x000001dc01b4b800 'jdk/internal/reflect/GeneratedSerializationConstructorAccessor165'
Event: 27501.988 Thread 0x000001dc5dcc07c0 Unloading class 0x000001dc01b5d400 'jdk/internal/reflect/GeneratedSerializationConstructorAccessor164'
Event: 27914.330 Thread 0x000001dc5dcc07c0 Unloading class 0x000001dc01b5d800 'jdk/internal/reflect/GeneratedSerializationConstructorAccessor169'
Event: 27914.330 Thread 0x000001dc5dcc07c0 Unloading class 0x000001dc010d2800 'jdk/internal/reflect/GeneratedSerializationConstructorAccessor168'
Event: 27914.330 Thread 0x000001dc5dcc07c0 Unloading class 0x000001dc01b4b000 'jdk/internal/reflect/GeneratedSerializationConstructorAccessor167'
Event: 27962.173 Thread 0x000001dc5dcc07c0 Unloading class 0x000001dc01b5d400 'jdk/internal/reflect/GeneratedSerializationConstructorAccessor172'
Event: 27962.174 Thread 0x000001dc5dcc07c0 Unloading class 0x000001dc01b4b800 'jdk/internal/reflect/GeneratedSerializationConstructorAccessor171'
Event: 27962.174 Thread 0x000001dc5dcc07c0 Unloading class 0x000001dc01b50c00 'jdk/internal/reflect/GeneratedSerializationConstructorAccessor170'

Classes redefined (0 events):
No events

Internal exceptions (20 events):
Event: 13451.004 Thread 0x000001dc62182d50 Exception <a 'sun/net/ConnectionResetException'{0x000000071e405810}: Connection reset> (0x000000071e405810) 
thrown [s\open\src\hotspot\share\prims\jni.cpp, line 535]
Event: 13522.560 Thread 0x000001dc62182d50 Exception <a 'java/lang/NoSuchMethodError'{0x0000000724dbfbc8}: static [B.<clinit>()V> (0x0000000724dbfbc8) 
thrown [s\open\src\hotspot\share\prims\jni.cpp, line 1112]
Event: 13822.562 Thread 0x000001dc650d63f0 Exception <a 'java/lang/NoSuchMethodError'{0x00000007224164a8}: static [B.<clinit>()V> (0x00000007224164a8) 
thrown [s\open\src\hotspot\share\prims\jni.cpp, line 1112]
Event: 14422.596 Thread 0x000001dc6525bec0 Exception <a 'java/lang/NoSuchMethodError'{0x0000000721a1cb78}: static [B.<clinit>()V> (0x0000000721a1cb78) 
thrown [s\open\src\hotspot\share\prims\jni.cpp, line 1112]
Event: 14722.595 Thread 0x000001dc656439a0 Exception <a 'java/lang/NoSuchMethodError'{0x0000000732c1cbe0}: static [B.<clinit>()V> (0x0000000732c1cbe0) 
thrown [s\open\src\hotspot\share\prims\jni.cpp, line 1112]
Event: 16222.641 Thread 0x000001dc63183d20 Exception <a 'java/lang/NoSuchMethodError'{0x000000071eea4cd8}: static [B.<clinit>()V> (0x000000071eea4cd8) 
thrown [s\open\src\hotspot\share\prims\jni.cpp, line 1112]
Event: 17122.660 Thread 0x000001dc650d6900 Exception <a 'java/lang/NoSuchMethodError'{0x000000071e229508}: static [B.<clinit>()V> (0x000000071e229508) 
thrown [s\open\src\hotspot\share\prims\jni.cpp, line 1112]
Event: 17722.686 Thread 0x000001dc64a475d0 Exception <a 'java/lang/NoSuchMethodError'{0x0000000720ea4b90}: static [B.<clinit>()V> (0x0000000720ea4b90) 
thrown [s\open\src\hotspot\share\prims\jni.cpp, line 1112]
Event: 23422.911 Thread 0x000001dc655e4580 Exception <a 'java/lang/NoSuchMethodError'{0x00000007289d2178}: static [B.<clinit>()V> (0x00000007289d2178) 
thrown [s\open\src\hotspot\share\prims\jni.cpp, line 1112]
Event: 23722.923 Thread 0x000001dc654f57d0 Exception <a 'java/lang/NoSuchMethodError'{0x0000000731e1c558}: static [B.<clinit>()V> (0x0000000731e1c558) 
thrown [s\open\src\hotspot\share\prims\jni.cpp, line 1112]
Event: 24322.933 Thread 0x000001dc65642a70 Exception <a 'java/lang/NoSuchMethodError'{0x000000071ecc6900}: static [B.<clinit>()V> (0x000000071ecc6900) 
thrown [s\open\src\hotspot\share\prims\jni.cpp, line 1112]
Event: 25222.959 Thread 0x000001dc64a46190 Exception <a 'java/lang/NoSuchMethodError'{0x00000007fff429d8}: static [B.<clinit>()V> (0x00000007fff429d8) 
thrown [s\open\src\hotspot\share\prims\jni.cpp, line 1112]
Event: 25522.982 Thread 0x000001dc65642a70 Exception <a 'java/lang/NoSuchMethodError'{0x000000071ff63138}: static [B.<clinit>()V> (0x000000071ff63138) 
thrown [s\open\src\hotspot\share\prims\jni.cpp, line 1112]
Event: 25822.999 Thread 0x000001dc632fea90 Exception <a 'java/lang/NoSuchMethodError'{0x0000000718711518}: static [B.<clinit>()V> (0x0000000718711518) 
thrown [s\open\src\hotspot\share\prims\jni.cpp, line 1112]
Event: 26123.004 Thread 0x000001dc655e54b0 Exception <a 'java/lang/NoSuchMethodError'{0x0000000723b67b28}: static [B.<clinit>()V> (0x0000000723b67b28) 
thrown [s\open\src\hotspot\share\prims\jni.cpp, line 1112]
Event: 26423.015 Thread 0x000001dc63323970 Exception <a 'java/lang/NoSuchMethodError'{0x000000071261cbe0}: static [B.<clinit>()V> (0x000000071261cbe0) 
thrown [s\open\src\hotspot\share\prims\jni.cpp, line 1112]
Event: 26723.017 Thread 0x000001dc62789980 Exception <a 'java/lang/NoSuchMethodError'{0x0000000725470908}: static [B.<clinit>()V> (0x0000000725470908) 
thrown [s\open\src\hotspot\share\prims\jni.cpp, line 1112]
Event: 27323.043 Thread 0x000001dc650d59d0 Exception <a 'java/lang/NoSuchMethodError'{0x00000007147f9ec8}: static [B.<clinit>()V> (0x00000007147f9ec8) 
thrown [s\open\src\hotspot\share\prims\jni.cpp, line 1112]
Event: 27623.045 Thread 0x000001dc63185670 Exception <a 'java/lang/NoSuchMethodError'{0x00000007ffe983c8}: static [B.<clinit>()V> (0x00000007ffe983c8) 
thrown [s\open\src\hotspot\share\prims\jni.cpp, line 1112]
Event: 27923.060 Thread 0x000001dc63302ab0 Exception <a 'java/lang/NoSuchMethodError'{0x000000071aa8f4e8}: static [B.<clinit>()V> (0x000000071aa8f4e8) 
thrown [s\open\src\hotspot\share\prims\jni.cpp, line 1112]

VM Operations (20 events):
Event: 28049.858 Executing VM operation: G1CollectForAllocation done
Event: 28049.858 Executing VM operation: G1TryInitiateConcMark
Event: 28049.860 Executing VM operation: G1TryInitiateConcMark done
Event: 28049.907 Executing VM operation: G1Concurrent
Event: 28049.916 Executing VM operation: G1Concurrent done
Event: 28049.944 Executing VM operation: G1Concurrent
Event: 28049.945 Executing VM operation: G1Concurrent done
Event: 28072.931 Executing VM operation: G1TryInitiateConcMark
Event: 28072.933 Executing VM operation: G1TryInitiateConcMark done
Event: 28072.991 Executing VM operation: G1Concurrent
Event: 28072.999 Executing VM operation: G1Concurrent done
Event: 28073.031 Executing VM operation: G1Concurrent
Event: 28073.032 Executing VM operation: G1Concurrent done
Event: 28073.065 Executing VM operation: G1CollectForAllocation
Event: 28073.066 Executing VM operation: G1CollectForAllocation done
Event: 28073.714 Executing VM operation: G1CollectForAllocation
Event: 28073.717 Executing VM operation: G1CollectForAllocation done
Event: 28073.717 Executing VM operation: G1TryInitiateConcMark
Event: 28073.719 Executing VM operation: G1TryInitiateConcMark done
Event: 28073.775 Executing VM operation: G1Concurrent

Events (20 events):
Event: 27820.938 Thread 0x000001dc655e9e80 Thread added: 0x000001dc655e9e80
Event: 27820.938 Thread 0x000001dc6207f3e0 Thread added: 0x000001dc6207f3e0
Event: 27820.938 Thread 0x000001dc6207f900 Thread added: 0x000001dc6207f900
Event: 27826.234 Thread 0x000001dc6207f900 Thread exited: 0x000001dc6207f900
Event: 27831.233 Thread 0x000001dc6207f3e0 Thread exited: 0x000001dc6207f3e0
Event: 27836.238 Thread 0x000001dc655e9e80 Thread exited: 0x000001dc655e9e80
Event: 27915.150 Thread 0x000001dc63305990 Thread added: 0x000001dc63305990
Event: 27915.150 Thread 0x000001dc655ea850 Thread added: 0x000001dc655ea850
Event: 27915.150 Thread 0x000001dc6207b860 Thread added: 0x000001dc6207b860
Event: 27920.167 Thread 0x000001dc6207b860 Thread exited: 0x000001dc6207b860
Event: 27923.058 Thread 0x000001dc63302ab0 Thread added: 0x000001dc63302ab0
Event: 27925.176 Thread 0x000001dc655ea850 Thread exited: 0x000001dc655ea850
Event: 27925.176 Thread 0x000001dc63305990 Thread exited: 0x000001dc63305990
Event: 27961.367 Thread 0x000001dc63305990 Thread added: 0x000001dc63305990
Event: 27961.372 Thread 0x000001dc655ea850 Thread added: 0x000001dc655ea850
Event: 27961.372 Thread 0x000001dc6207b860 Thread added: 0x000001dc6207b860
Event: 27966.506 Thread 0x000001dc63305990 Thread exited: 0x000001dc63305990
Event: 27966.506 Thread 0x000001dc6207b860 Thread exited: 0x000001dc6207b860
Event: 27966.506 Thread 0x000001dc655ea850 Thread exited: 0x000001dc655ea850
Event: 27998.083 Thread 0x000001dc63302ab0 Thread exited: 0x000001dc63302ab0


Dynamic libraries:
0x00007ff78e850000 - 0x00007ff78e860000 	C:\Program Files\Java\jdk-17\bin\java.exe
0x00007ffe8e960000 - 0x00007ffe8ebc7000 	C:\WINDOWS\SYSTEM32\ntdll.dll
0x00007ffe8d650000 - 0x00007ffe8d719000 	C:\WINDOWS\System32\KERNEL32.DLL
0x00007ffe8beb0000 - 0x00007ffe8c29f000 	C:\WINDOWS\System32\KERNELBASE.dll
0x00007ffe8bd60000 - 0x00007ffe8beab000 	C:\WINDOWS\System32\ucrtbase.dll
0x00007ffe83690000 - 0x00007ffe836a9000 	C:\Program Files\Java\jdk-17\bin\jli.dll
0x00007ffe5bf80000 - 0x00007ffe5bf9b000 	C:\Program Files\Java\jdk-17\bin\VCRUNTIME140.dll
0x00007ffe8d940000 - 0x00007ffe8d9f4000 	C:\WINDOWS\System32\ADVAPI32.dll
0x00007ffe8ca40000 - 0x00007ffe8cae9000 	C:\WINDOWS\System32\msvcrt.dll
0x00007ffe8e200000 - 0x00007ffe8e2a6000 	C:\WINDOWS\System32\sechost.dll
0x00007ffe8d820000 - 0x00007ffe8d938000 	C:\WINDOWS\System32\RPCRT4.dll
0x00007ffe8d480000 - 0x00007ffe8d645000 	C:\WINDOWS\System32\USER32.dll
0x00007ffe8bca0000 - 0x00007ffe8bcc7000 	C:\WINDOWS\System32\win32u.dll
0x00007ffe8e2b0000 - 0x00007ffe8e2db000 	C:\WINDOWS\System32\GDI32.dll
0x00007ffe8bb70000 - 0x00007ffe8bc9c000 	C:\WINDOWS\System32\gdi32full.dll
0x00007ffe8c4e0000 - 0x00007ffe8c583000 	C:\WINDOWS\System32\msvcp_win.dll
0x00007ffe83520000 - 0x00007ffe8352b000 	C:\WINDOWS\SYSTEM32\VERSION.dll
0x00007ffe72cd0000 - 0x00007ffe72f63000 	C:\WINDOWS\WinSxS\amd64_microsoft.windows.common-controls_6595b64144ccf1df_6.0.26100.7309_none_3e05feeae336a044\COMCTL32.dll
0x00007ffe8d110000 - 0x00007ffe8d141000 	C:\WINDOWS\System32\IMM32.DLL
0x00007ffe83680000 - 0x00007ffe8368c000 	C:\Program Files\Java\jdk-17\bin\vcruntime140_1.dll
0x00007ffe45280000 - 0x00007ffe4530e000 	C:\Program Files\Java\jdk-17\bin\msvcp140.dll
0x00007ffdcfdc0000 - 0x00007ffdd09a0000 	C:\Program Files\Java\jdk-17\bin\server\jvm.dll
0x00007ffe8cb70000 - 0x00007ffe8cb78000 	C:\WINDOWS\System32\PSAPI.DLL
0x00007ffe79840000 - 0x00007ffe79875000 	C:\WINDOWS\SYSTEM32\WINMM.dll
0x00007ffe70840000 - 0x00007ffe7084a000 	C:\WINDOWS\SYSTEM32\WSOCK32.dll
0x00007ffe8caf0000 - 0x00007ffe8cb64000 	C:\WINDOWS\System32\WS2_32.dll
0x00007ffe8a860000 - 0x00007ffe8a87b000 	C:\WINDOWS\SYSTEM32\kernel.appcore.dll
0x00007ffe739e0000 - 0x00007ffe739ea000 	C:\Program Files\Java\jdk-17\bin\jimage.dll
0x00007ffe76ed0000 - 0x00007ffe77112000 	C:\WINDOWS\SYSTEM32\DBGHELP.DLL
0x00007ffe8e480000 - 0x00007ffe8e805000 	C:\WINDOWS\System32\combase.dll
0x00007ffe8d720000 - 0x00007ffe8d7f6000 	C:\WINDOWS\System32\OLEAUT32.dll
0x00007ffe71070000 - 0x00007ffe710ac000 	C:\WINDOWS\SYSTEM32\dbgcore.DLL
0x00007ffe8c430000 - 0x00007ffe8c4d5000 	C:\WINDOWS\System32\bcryptPrimitives.dll
0x00007ffe321a0000 - 0x00007ffe321ae000 	C:\Program Files\Java\jdk-17\bin\instrument.dll
0x00007ffe50f60000 - 0x00007ffe50f85000 	C:\Program Files\Java\jdk-17\bin\java.dll
0x00007ffdfa310000 - 0x00007ffdfa3e7000 	C:\Program Files\Java\jdk-17\bin\jsvml.dll
0x00007ffe8daa0000 - 0x00007ffe8e1f3000 	C:\WINDOWS\System32\SHELL32.dll
0x00007ffe8c590000 - 0x00007ffe8c6fa000 	C:\WINDOWS\System32\wintypes.dll
0x00007ffe896f0000 - 0x00007ffe89f4e000 	C:\WINDOWS\SYSTEM32\windows.storage.dll
0x00007ffe8d150000 - 0x00007ffe8d245000 	C:\WINDOWS\System32\SHCORE.dll
0x00007ffe8c9d0000 - 0x00007ffe8ca36000 	C:\WINDOWS\System32\shlwapi.dll
0x00007ffe8b9d0000 - 0x00007ffe8b9f9000 	C:\WINDOWS\SYSTEM32\profapi.dll
0x00007ffe37f40000 - 0x00007ffe37f58000 	C:\Program Files\Java\jdk-17\bin\zip.dll
0x00007ffe3f4b0000 - 0x00007ffe3f4c9000 	C:\Program Files\Java\jdk-17\bin\net.dll
0x00007ffe80e50000 - 0x00007ffe80f78000 	C:\WINDOWS\SYSTEM32\WINHTTP.dll
0x00007ffe8add0000 - 0x00007ffe8ae3b000 	C:\WINDOWS\system32\mswsock.dll
0x00007ffe38b90000 - 0x00007ffe38ba6000 	C:\Program Files\Java\jdk-17\bin\nio.dll
0x00007ffdfa220000 - 0x00007ffdfa23a000 	C:\Program Files\JetBrains\IntelliJ IDEA 2024.2.4\bin\breakgen64.dll
0x00007ffe8a300000 - 0x00007ffe8a42c000 	C:\WINDOWS\SYSTEM32\DNSAPI.dll
0x00007ffe8a270000 - 0x00007ffe8a2a4000 	C:\WINDOWS\SYSTEM32\IPHLPAPI.DLL
0x00007ffe8c9c0000 - 0x00007ffe8c9ca000 	C:\WINDOWS\System32\NSI.dll
0x0000000064b70000 - 0x0000000064b96000 	C:\Program Files\Bonjour\mdnsNSP.dll
0x00007ffe816e0000 - 0x00007ffe816eb000 	C:\Windows\System32\rasadhlp.dll
0x00007ffe7f610000 - 0x00007ffe7f696000 	C:\WINDOWS\System32\fwpuclnt.dll
0x00007ffe29590000 - 0x00007ffe2959a000 	C:\Program Files\Java\jdk-17\bin\management.dll
0x00007ffe01ac0000 - 0x00007ffe01acb000 	C:\Program Files\Java\jdk-17\bin\management_ext.dll
0x00007ffe8b0a0000 - 0x00007ffe8b0bb000 	C:\WINDOWS\SYSTEM32\CRYPTSP.dll
0x00007ffe8a7c0000 - 0x00007ffe8a7fa000 	C:\WINDOWS\system32\rsaenh.dll
0x00007ffe8ae80000 - 0x00007ffe8aeab000 	C:\WINDOWS\SYSTEM32\USERENV.dll
0x00007ffe8b9a0000 - 0x00007ffe8b9ca000 	C:\WINDOWS\SYSTEM32\bcrypt.dll
0x00007ffe8b090000 - 0x00007ffe8b09c000 	C:\WINDOWS\SYSTEM32\CRYPTBASE.dll
0x00007ffe83530000 - 0x00007ffe8354e000 	C:\WINDOWS\SYSTEM32\dhcpcsvc6.DLL
0x00007ffe80bc0000 - 0x00007ffe80be3000 	C:\WINDOWS\SYSTEM32\dhcpcsvc.DLL
0x00007ffe6b9a0000 - 0x00007ffe6b9b8000 	C:\WINDOWS\system32\napinsp.dll
0x00007ffe6b980000 - 0x00007ffe6b992000 	C:\WINDOWS\System32\winrnr.dll
0x00007ffe6b950000 - 0x00007ffe6b972000 	C:\WINDOWS\system32\nlansp_c.dll
0x00007ffe7e3b0000 - 0x00007ffe7e3c6000 	C:\WINDOWS\system32\wshbth.dll
0x00007ffe6f2a0000 - 0x00007ffe6f2f6000 	C:\WINDOWS\SYSTEM32\pdh.dll
0x00007ffe6c230000 - 0x00007ffe6c242000 	C:\WINDOWS\System32\perfproc.dll
0x00007ffdfec90000 - 0x00007ffdfec9e000 	C:\Program Files\Java\jdk-17\bin\sunmscapi.dll
0x00007ffe8c2b0000 - 0x00007ffe8c427000 	C:\WINDOWS\System32\CRYPT32.dll
0x00007ffe8b2b0000 - 0x00007ffe8b2e0000 	C:\WINDOWS\SYSTEM32\ncrypt.dll
0x00007ffe8b260000 - 0x00007ffe8b29f000 	C:\WINDOWS\SYSTEM32\NTASN1.dll
0x00007ffe5bfc0000 - 0x00007ffe5bfd0000 	C:\Program Files\Java\jdk-17\bin\verify.dll
0x00007ffe50ce0000 - 0x00007ffe50ce8000 	C:\WINDOWS\system32\wshunix.dll

dbghelp: loaded successfully - version: 4.0.5 - missing functions: none
symbol engine: initialized successfully - sym options: 0x614 - pdb path: .;C:\Program Files\Java\jdk-17\bin;C:\WINDOWS\SYSTEM32;C:\WINDOWS\WinSxS\amd64_microsoft.windows.common-controls_6595b64144ccf1df_6.0.26100.7309_none_3e05feeae336a044;C:\Program Files\Java\jdk-17\bin\server;C:\Program Files\JetBrains\IntelliJ IDEA 2024.2.4\bin;C:\Program Files\Bonjour

VM Arguments:
jvm_args: -XX:TieredStopAtLevel=1 -Dspring.output.ansi.enabled=always -Dcom.sun.management.jmxremote -Dspring.jmx.enabled=true -Dspring.liveBeansView.mbeanDomain -Dspring.application.admin.enabled=true -Dmanagement.endpoints.jmx.exposure.include=* -javaagent:C:\Program Files\JetBrains\IntelliJ IDEA 2024.2.4\lib\idea_rt.jar=8359:C:\Program Files\JetBrains\IntelliJ IDEA 2024.2.4\bin -Dfile.encoding=UTF-8 
java_command: com.bit.backend.BackendApplication
java_class_path (initial): G:\BIT\BIT\3rd Year\Project 2024\Project\gym-management-backend\target\classes;C:\Users\hasit\.m2\repository\org\springframework\boot\spring-boot-starter-data-jpa\3.3.4\spring-boot-starter-data-jpa-3.3.4.jar;C:\Users\hasit\.m2\repository\org\springframework\boot\spring-boot-starter-aop\3.3.4\spring-boot-starter-aop-3.3.4.jar;C:\Users\hasit\.m2\repository\org\aspectj\aspectjweaver\1.9.22.1\aspectjweaver-1.9.22.1.jar;C:\Users\hasit\.m2\repository\org\springframework\boot\spring-boot-starter-jdbc\3.3.4\spring-boot-starter-jdbc-3.3.4.jar;C:\Users\hasit\.m2\repository\com\zaxxer\HikariCP\5.1.0\HikariCP-5.1.0.jar;C:\Users\hasit\.m2\repository\org\springframework\spring-jdbc\6.1.13\spring-jdbc-6.1.13.jar;C:\Users\hasit\.m2\repository\org\hibernate\orm\hibernate-core\6.5.3.Final\hibernate-core-6.5.3.Final.jar;C:\Users\hasit\.m2\repository\jakarta\persistence\jakarta.persistence-api\3.1.0\jakarta.persistence-api-3.1.0.jar;C:\Users\hasit\.m2\repository\jakarta\transaction\jakarta.transaction-api\2.0.1\jakarta.transaction-api-2.0.1.jar;C:\Users\hasit\.m2\repository\org\jboss\logging\jboss-logging\3.5.3.Final\jboss-logging-3.5.3.Final.jar;C:\Users\hasit\.m2\repository\org\hibernate\common\hibernate-commons-annotations\6.0.6.Final\hibernate-commons-annotations-6.0.6.Final.jar;C:\Users\hasit\.m2\repository\io\smallrye\jandex\3.1.2\jandex-3.1.2.jar;C:\Users\hasit\.m2\repository\com\fasterxml\classmate\1.7.0\classmate-1.7.0.jar;C:\Users\hasit\.m2\repository\net\bytebuddy\byte-buddy\1.14.19\byte-buddy-1.14.19.jar;C:\Users\hasit\.m2\repository\org\glassfish\jaxb\jaxb-runtime\4.0.5\jaxb-runtime-4.0.5.jar;C:\Users\hasit\.m2\repository\org\glassfish\jaxb\jaxb-core\4.0.5\jaxb-core-4.0.5.jar;C:\Users\hasit\.m2\repository\org\glassfish\jaxb\txw2\4.0.5\txw2-4.0.5.jar;C:\Users\hasit\.m2\repository\com\sun\istack\istack-commons-runtime\4.1.2\istack-commons-runtime-4.1.2.jar;C:\Users\hasit\.m2\repository\jakarta\inject\jakarta.inject-api\2.0.1\jakarta.inject-api-2.
Launcher Type: SUN_STANDARD

[Global flags]
     intx CICompilerCount                          = 4                                         {product} {ergonomic}
     uint ConcGCThreads                            = 2                                         {product} {ergonomic}
     uint G1ConcRefinementThreads                  = 8                                         {product} {ergonomic}
   size_t G1HeapRegionSize                         = 2097152                                   {product} {ergonomic}
    uintx GCDrainStackTargetSize                   = 64                                        {product} {ergonomic}
   size_t InitialHeapSize                          = 268435456                                 {product} {ergonomic}
     bool ManagementServer                         = true                                      {product} {command line}
   size_t MarkStackSize                            = 4194304                                   {product} {ergonomic}
   size_t MaxHeapSize                              = 4263510016                                {product} {ergonomic}
   size_t MaxNewSize                               = 2556428288                                {product} {ergonomic}
   size_t MinHeapDeltaBytes                        = 2097152                                   {product} {ergonomic}
   size_t MinHeapSize                              = 8388608                                   {product} {ergonomic}
    uintx NonProfiledCodeHeapSize                  = 0                                      {pd product} {ergonomic}
     bool ProfileInterpreter                       = false                                  {pd product} {command line}
    uintx ProfiledCodeHeapSize                     = 0                                      {pd product} {ergonomic}
   size_t SoftMaxHeapSize                          = 4263510016                             {manageable} {ergonomic}
     intx TieredStopAtLevel                        = 1                                         {product} {command line}
     bool UseCompressedClassPointers               = true                           {product lp64_product} {ergonomic}
     bool UseCompressedOops                        = true                           {product lp64_product} {ergonomic}
     bool UseG1GC                                  = true                                      {product} {ergonomic}
     bool UseLargePagesIndividualAllocation        = false                                  {pd product} {ergonomic}

Logging:
Log output configuration:
 #0: stdout all=warning uptime,level,tags
 #1: stderr all=off uptime,level,tags

Environment Variables:
PATH=C:\Program Files\Java\jdk-17\bin;C:\Program Files\Common Files\Oracle\Java\javapath;C:\Program Files (x86)\Common Files\Oracle\Java\javapath;C:\WINDOWS\system32;C:\WINDOWS;C:\WINDOWS\System32\Wbem;C:\WINDOWS\System32\WindowsPowerShell\v1.0\;C:\WINDOWS\System32\OpenSSH\;C:\Program Files\dotnet\;C:\Program Files\Java\jdk-22\bin;C:\Program Files (x86)\NVIDIA Corporation\PhysX\Common;C:\Program Files\apache-maven-3.8.8\bin;C:\xampp\php;C:\ProgramData\ComposerSetup\bin;C:\Users\hasit\AppData\Roaming\nvm;C:\Program Files\nodejs;C:\Program Files\Git\cmd;C:\Program Files\Git\bin;C:\Program Files\Git\bin\git.exe;C:\Program Files\Java\jdk-17\bin;C:\gradle-8.4\bin;C:\Program Files\nodejs\;C:\Program Files\Microsoft SQL Server\150\Tools\Binn\;C:\Program Files\Microsoft SQL Server\Client SDK\ODBC\170\Tools\Binn\;C:\Program Files (x86)\Microsoft SQL Server\160\Tools\Binn\;C:\Program Files\Microsoft SQL Server\160\Tools\Binn\;C:\Program Files\Microsoft SQL Server\160\DTS\Binn\;C:\Program Files\Microsoft SQL Server\170\Tools\Binn\;C:\Program Files (x86)\Windows Kits\10\Windows Performance Toolkit\;C:\Program Files (x86)\Microsoft SQL Server\170\Tools\Binn\;C:\Program Files\Microsoft SQL Server\Client SDK\ODBC\180\Tools\Binn\;C:\Program Files\Microsoft SQL Server\170\DTS\Binn\;C:\Users\hasit\AppData\Local\Programs\Python\Python313\Scripts\;C:\Users\hasit\AppData\Local\Programs\Python\Python313\;C:\Program Files\MySQL\MySQL Shell 8.0\bin\;C:\Users\hasit\AppData\Local\Programs\Python\Python312\Scripts\;C:\Users\hasit\AppData\Local\Programs\Python\Python312\;C:\Users\hasit\AppData\Local\Microsoft\WindowsApps;C:\Program Files\JetBrains\IntelliJ IDEA Community Edition 2024.2.4\bin;C:\Users\hasit\AppData\Local\Microsoft\WindowsApps;C:\Program Files\JetBrains\IntelliJ IDEA 2024.2.4\bin;C:\Users\hasit\AppData\Roaming\Composer\vendor\bin;C:\Users\hasit\AppData\Roaming\nvm;C:\Program Files\nodejs;C:\flutter\bin;C:\Users\hasit\AppData\Roaming\npm;C:\Users\hasit\.dotnet\tools;G:\Programs\Visu
USERNAME=hasit
OS=Windows_NT
PROCESSOR_IDENTIFIER=Intel64 Family 6 Model 142 Stepping 10, GenuineIntel



---------------  S Y S T E M  ---------------

OS:
 Windows 11 , 64 bit Build 26100 (10.0.26100.7309)
OS uptime: 1 days 5:39 hours

CPU: total 8 (initial active 8) (4 cores per cpu, 2 threads per core) family 6 model 142 stepping 10 microcode 0xe0, cx8, cmov, fxsr, ht, mmx, 3dnowpref, sse, sse2, sse3, ssse3, sse4.1, sse4.2, popcnt, lzcnt, tsc, tscinvbit, avx, avx2, aes, erms, clmul, bmi1, bmi2, adx, fma, vzeroupper, clflush, clflushopt

Memory: 4k page, system-wide physical 16261M (1885M free)
TotalPageFile size 24453M (AvailPageFile size 51M)
current process WorkingSet (physical memory assigned to process): 396M, peak: 775M
current process commit charge ("private bytes"): 533M, peak: 1280M

vm_info: Java HotSpot(TM) 64-Bit Server VM (17.0.12+8-LTS-286) for windows-amd64 JRE (17.0.12+8-LTS-286), built on Jun  5 2024 06:46:59 by "mach5one" with MS VC++ 17.6 (VS2022)

END.
